Archive member included to satisfy reference by file (symbol)

/opt/st/stm32cubeide_1.16.0/plugins/com.st.stm32cube.ide.mcu.externaltools.gnu-tools-for-stm32.12.3.rel1.linux64_1.0.200.202406132123/tools/bin/../lib/gcc/arm-none-eabi/12.3.1/../../../../arm-none-eabi/lib/thumb/v7e-m+fp/hard/libc_nano.a(libc_a-exit.o)
                              /opt/st/stm32cubeide_1.16.0/plugins/com.st.stm32cube.ide.mcu.externaltools.gnu-tools-for-stm32.12.3.rel1.linux64_1.0.200.202406132123/tools/bin/../lib/gcc/arm-none-eabi/12.3.1/../../../../arm-none-eabi/lib/thumb/v7e-m+fp/hard/crt0.o (exit)
/opt/st/stm32cubeide_1.16.0/plugins/com.st.stm32cube.ide.mcu.externaltools.gnu-tools-for-stm32.12.3.rel1.linux64_1.0.200.202406132123/tools/bin/../lib/gcc/arm-none-eabi/12.3.1/../../../../arm-none-eabi/lib/thumb/v7e-m+fp/hard/libc_nano.a(libc_a-findfp.o)
                              /opt/st/stm32cubeide_1.16.0/plugins/com.st.stm32cube.ide.mcu.externaltools.gnu-tools-for-stm32.12.3.rel1.linux64_1.0.200.202406132123/tools/bin/../lib/gcc/arm-none-eabi/12.3.1/../../../../arm-none-eabi/lib/thumb/v7e-m+fp/hard/libc_nano.a(libc_a-exit.o) (__stdio_exit_handler)
/opt/st/stm32cubeide_1.16.0/plugins/com.st.stm32cube.ide.mcu.externaltools.gnu-tools-for-stm32.12.3.rel1.linux64_1.0.200.202406132123/tools/bin/../lib/gcc/arm-none-eabi/12.3.1/../../../../arm-none-eabi/lib/thumb/v7e-m+fp/hard/libc_nano.a(libc_a-fwalk.o)
                              /opt/st/stm32cubeide_1.16.0/plugins/com.st.stm32cube.ide.mcu.externaltools.gnu-tools-for-stm32.12.3.rel1.linux64_1.0.200.202406132123/tools/bin/../lib/gcc/arm-none-eabi/12.3.1/../../../../arm-none-eabi/lib/thumb/v7e-m+fp/hard/libc_nano.a(libc_a-findfp.o) (_fwalk_sglue)
/opt/st/stm32cubeide_1.16.0/plugins/com.st.stm32cube.ide.mcu.externaltools.gnu-tools-for-stm32.12.3.rel1.linux64_1.0.200.202406132123/tools/bin/../lib/gcc/arm-none-eabi/12.3.1/../../../../arm-none-eabi/lib/thumb/v7e-m+fp/hard/libc_nano.a(libc_a-stdio.o)
                              /opt/st/stm32cubeide_1.16.0/plugins/com.st.stm32cube.ide.mcu.externaltools.gnu-tools-for-stm32.12.3.rel1.linux64_1.0.200.202406132123/tools/bin/../lib/gcc/arm-none-eabi/12.3.1/../../../../arm-none-eabi/lib/thumb/v7e-m+fp/hard/libc_nano.a(libc_a-findfp.o) (__sread)
/opt/st/stm32cubeide_1.16.0/plugins/com.st.stm32cube.ide.mcu.externaltools.gnu-tools-for-stm32.12.3.rel1.linux64_1.0.200.202406132123/tools/bin/../lib/gcc/arm-none-eabi/12.3.1/../../../../arm-none-eabi/lib/thumb/v7e-m+fp/hard/libc_nano.a(libc_a-memset.o)
                              /opt/st/stm32cubeide_1.16.0/plugins/com.st.stm32cube.ide.mcu.externaltools.gnu-tools-for-stm32.12.3.rel1.linux64_1.0.200.202406132123/tools/bin/../lib/gcc/arm-none-eabi/12.3.1/../../../../arm-none-eabi/lib/thumb/v7e-m+fp/hard/crt0.o (memset)
/opt/st/stm32cubeide_1.16.0/plugins/com.st.stm32cube.ide.mcu.externaltools.gnu-tools-for-stm32.12.3.rel1.linux64_1.0.200.202406132123/tools/bin/../lib/gcc/arm-none-eabi/12.3.1/../../../../arm-none-eabi/lib/thumb/v7e-m+fp/hard/libc_nano.a(libc_a-closer.o)
                              /opt/st/stm32cubeide_1.16.0/plugins/com.st.stm32cube.ide.mcu.externaltools.gnu-tools-for-stm32.12.3.rel1.linux64_1.0.200.202406132123/tools/bin/../lib/gcc/arm-none-eabi/12.3.1/../../../../arm-none-eabi/lib/thumb/v7e-m+fp/hard/libc_nano.a(libc_a-stdio.o) (_close_r)
/opt/st/stm32cubeide_1.16.0/plugins/com.st.stm32cube.ide.mcu.externaltools.gnu-tools-for-stm32.12.3.rel1.linux64_1.0.200.202406132123/tools/bin/../lib/gcc/arm-none-eabi/12.3.1/../../../../arm-none-eabi/lib/thumb/v7e-m+fp/hard/libc_nano.a(libc_a-reent.o)
                              /opt/st/stm32cubeide_1.16.0/plugins/com.st.stm32cube.ide.mcu.externaltools.gnu-tools-for-stm32.12.3.rel1.linux64_1.0.200.202406132123/tools/bin/../lib/gcc/arm-none-eabi/12.3.1/../../../../arm-none-eabi/lib/thumb/v7e-m+fp/hard/libc_nano.a(libc_a-closer.o) (errno)
/opt/st/stm32cubeide_1.16.0/plugins/com.st.stm32cube.ide.mcu.externaltools.gnu-tools-for-stm32.12.3.rel1.linux64_1.0.200.202406132123/tools/bin/../lib/gcc/arm-none-eabi/12.3.1/../../../../arm-none-eabi/lib/thumb/v7e-m+fp/hard/libc_nano.a(libc_a-impure.o)
                              /opt/st/stm32cubeide_1.16.0/plugins/com.st.stm32cube.ide.mcu.externaltools.gnu-tools-for-stm32.12.3.rel1.linux64_1.0.200.202406132123/tools/bin/../lib/gcc/arm-none-eabi/12.3.1/../../../../arm-none-eabi/lib/thumb/v7e-m+fp/hard/libc_nano.a(libc_a-reent.o) (_impure_ptr)
/opt/st/stm32cubeide_1.16.0/plugins/com.st.stm32cube.ide.mcu.externaltools.gnu-tools-for-stm32.12.3.rel1.linux64_1.0.200.202406132123/tools/bin/../lib/gcc/arm-none-eabi/12.3.1/../../../../arm-none-eabi/lib/thumb/v7e-m+fp/hard/libc_nano.a(libc_a-lseekr.o)
                              /opt/st/stm32cubeide_1.16.0/plugins/com.st.stm32cube.ide.mcu.externaltools.gnu-tools-for-stm32.12.3.rel1.linux64_1.0.200.202406132123/tools/bin/../lib/gcc/arm-none-eabi/12.3.1/../../../../arm-none-eabi/lib/thumb/v7e-m+fp/hard/libc_nano.a(libc_a-stdio.o) (_lseek_r)
[...]
Memory Configuration

Name             Origin             Length             Attributes
RETRAM_interrupts 0x00000000         0x00000600         xrw
SRAM1_text       0x10000000         0x00020000         xrw
SRAM2_data       0x10020000         0x00020000         xrw
SRAM3_ipc_shm    0x10040000         0x00010000         xrw
SRAM4            0x10050000         0x00010000         xrw
*default*        0x00000000         0xffffffff

Linker script and memory map

LOAD /opt/st/stm32cubeide_1.16.0/plugins/com.st.stm32cube.ide.mcu.externaltools.gnu-tools-for-stm32.12.3.rel1.linux64_1.0.200.202406132123/tools/bin/../lib/gcc/arm-none-eabi/12.3.1/thumb/v7e-m+fp/hard/crti.o
LOAD /opt/st/stm32cubeide_1.16.0/plugins/com.st.stm32cube.ide.mcu.externaltools.gnu-tools-for-stm32.12.3.rel1.linux64_1.0.200.202406132123/tools/bin/../lib/gcc/arm-none-eabi/12.3.1/thumb/v7e-m+fp/hard/crtbegin.o
LOAD /opt/st/stm32cubeide_1.16.0/plugins/com.st.stm32cube.ide.mcu.externaltools.gnu-tools-for-stm32.12.3.rel1.linux64_1.0.200.202406132123/tools/bin/../lib/gcc/arm-none-eabi/12.3.1/../../../../arm-none-eabi/lib/thumb/v7e-m+fp/hard/crt0.o
LOAD ./Common/System/system_stm32mp1xx.o
LOAD ./Core/Src/main.o
LOAD ./Core/Src/stm32mp1xx_hal_msp.o
LOAD ./Core/Src/stm32mp1xx_it.o
LOAD ./Core/Src/syscalls.o
LOAD ./Core/Src/sysmem.o
LOAD ./Core/Startup/startup_stm32mp151faax.o
LOAD ./Drivers/STM32MP1xx_HAL_Driver/stm32mp1xx_hal.o
LOAD ./Drivers/STM32MP1xx_HAL_Driver/stm32mp1xx_hal_cortex.o
LOAD ./Drivers/STM32MP1xx_HAL_Driver/stm32mp1xx_hal_dma.o
LOAD ./Drivers/STM32MP1xx_HAL_Driver/stm32mp1xx_hal_dma_ex.o
LOAD ./Drivers/STM32MP1xx_HAL_Driver/stm32mp1xx_hal_exti.o
LOAD ./Drivers/STM32MP1xx_HAL_Driver/stm32mp1xx_hal_gpio.o
LOAD ./Drivers/STM32MP1xx_HAL_Driver/stm32mp1xx_hal_hsem.o
LOAD ./Drivers/STM32MP1xx_HAL_Driver/stm32mp1xx_hal_mdma.o
LOAD ./Drivers/STM32MP1xx_HAL_Driver/stm32mp1xx_hal_pwr.o
LOAD ./Drivers/STM32MP1xx_HAL_Driver/stm32mp1xx_hal_pwr_ex.o
LOAD ./Drivers/STM32MP1xx_HAL_Driver/stm32mp1xx_hal_rcc.o
LOAD ./Drivers/STM32MP1xx_HAL_Driver/stm32mp1xx_hal_rcc_ex.o
LOAD ./Drivers/STM32MP1xx_HAL_Driver/stm32mp1xx_hal_tim.o
LOAD ./Drivers/STM32MP1xx_HAL_Driver/stm32mp1xx_hal_tim_ex.o
LOAD ./Drivers/STM32MP1xx_HAL_Driver/stm32mp1xx_hal_uart.o
LOAD ./Drivers/STM32MP1xx_HAL_Driver/stm32mp1xx_hal_uart_ex.o
START GROUP
LOAD /opt/st/stm32cubeide_1.16.0/plugins/com.st.stm32cube.ide.mcu.externaltools.gnu-tools-for-stm32.12.3.rel1.linux64_1.0.200.202406132123/tools/bin/../lib/gcc/arm-none-eabi/12.3.1/../../../../arm-none-eabi/lib/thumb/v7e-m+fp/hard/libstdc++_nano.a
LOAD /opt/st/stm32cubeide_1.16.0/plugins/com.st.stm32cube.ide.mcu.externaltools.gnu-tools-for-stm32.12.3.rel1.linux64_1.0.200.202406132123/tools/bin/../lib/gcc/arm-none-eabi/12.3.1/../../../../arm-none-eabi/lib/thumb/v7e-m+fp/hard/libsupc++_nano.a
END GROUP
LOAD /opt/st/stm32cubeide_1.16.0/plugins/com.st.stm32cube.ide.mcu.externaltools.gnu-tools-for-stm32.12.3.rel1.linux64_1.0.200.202406132123/tools/bin/../lib/gcc/arm-none-eabi/12.3.1/../../../../arm-none-eabi/lib/thumb/v7e-m+fp/hard/libstdc++_nano.a
LOAD /opt/st/stm32cubeide_1.16.0/plugins/com.st.stm32cube.ide.mcu.externaltools.gnu-tools-for-stm32.12.3.rel1.linux64_1.0.200.202406132123/tools/bin/../lib/gcc/arm-none-eabi/12.3.1/../../../../arm-none-eabi/lib/thumb/v7e-m+fp/hard/libm.a
LOAD /opt/st/stm32cubeide_1.16.0/plugins/com.st.stm32cube.ide.mcu.externaltools.gnu-tools-for-stm32.12.3.rel1.linux64_1.0.200.202406132123/tools/bin/../lib/gcc/arm-none-eabi/12.3.1/../../../../arm-none-eabi/lib/thumb/v7e-m+fp/hard/libc_nano.a
START GROUP
LOAD /opt/st/stm32cubeide_1.16.0/plugins/com.st.stm32cube.ide.mcu.externaltools.gnu-tools-for-stm32.12.3.rel1.linux64_1.0.200.202406132123/tools/bin/../lib/gcc/arm-none-eabi/12.3.1/thumb/v7e-m+fp/hard/libgcc.a
LOAD /opt/st/stm32cubeide_1.16.0/plugins/com.st.stm32cube.ide.mcu.externaltools.gnu-tools-for-stm32.12.3.rel1.linux64_1.0.200.202406132123/tools/bin/../lib/gcc/arm-none-eabi/12.3.1/../../../../arm-none-eabi/lib/thumb/v7e-m+fp/hard/libc_nano.a
END GROUP
START GROUP
LOAD /opt/st/stm32cubeide_1.16.0/plugins/com.st.stm32cube.ide.mcu.externaltools.gnu-tools-for-stm32.12.3.rel1.linux64_1.0.200.202406132123/tools/bin/../lib/gcc/arm-none-eabi/12.3.1/thumb/v7e-m+fp/hard/libgcc.a
LOAD /opt/st/stm32cubeide_1.16.0/plugins/com.st.stm32cube.ide.mcu.externaltools.gnu-tools-for-stm32.12.3.rel1.linux64_1.0.200.202406132123/tools/bin/../lib/gcc/arm-none-eabi/12.3.1/../../../../arm-none-eabi/lib/thumb/v7e-m+fp/hard/libc_nano.a
LOAD /opt/st/stm32cubeide_1.16.0/plugins/com.st.stm32cube.ide.mcu.externaltools.gnu-tools-for-stm32.12.3.rel1.linux64_1.0.200.202406132123/tools/bin/../lib/gcc/arm-none-eabi/12.3.1/../../../../arm-none-eabi/lib/thumb/v7e-m+fp/hard/libnosys.a
END GROUP
START GROUP
LOAD /opt/st/stm32cubeide_1.16.0/plugins/com.st.stm32cube.ide.mcu.externaltools.gnu-tools-for-stm32.12.3.rel1.linux64_1.0.200.202406132123/tools/bin/../lib/gcc/arm-none-eabi/12.3.1/thumb/v7e-m+fp/hard/libgcc.a
LOAD /opt/st/stm32cubeide_1.16.0/plugins/com.st.stm32cube.ide.mcu.externaltools.gnu-tools-for-stm32.12.3.rel1.linux64_1.0.200.202406132123/tools/bin/../lib/gcc/arm-none-eabi/12.3.1/../../../../arm-none-eabi/lib/thumb/v7e-m+fp/hard/libc_nano.a
LOAD /opt/st/stm32cubeide_1.16.0/plugins/com.st.stm32cube.ide.mcu.externaltools.gnu-tools-for-stm32.12.3.rel1.linux64_1.0.200.202406132123/tools/bin/../lib/gcc/arm-none-eabi/12.3.1/../../../../arm-none-eabi/lib/thumb/v7e-m+fp/hard/libnosys.a
END GROUP
LOAD /opt/st/stm32cubeide_1.16.0/plugins/com.st.stm32cube.ide.mcu.externaltools.gnu-tools-for-stm32.12.3.rel1.linux64_1.0.200.202406132123/tools/bin/../lib/gcc/arm-none-eabi/12.3.1/thumb/v7e-m+fp/hard/crtend.o
LOAD /opt/st/stm32cubeide_1.16.0/plugins/com.st.stm32cube.ide.mcu.externaltools.gnu-tools-for-stm32.12.3.rel1.linux64_1.0.200.202406132123/tools/bin/../lib/gcc/arm-none-eabi/12.3.1/thumb/v7e-m+fp/hard/crtn.o
                0x10040000                        _estack = (ORIGIN (SRAM2_data) + LENGTH (SRAM2_data))
                0x00000200                        _Min_Heap_Size = 0x200
                0x00000400                        _Min_Stack_Size = 0x400
                0x10040000                        __OPENAMP_region_start__ = ORIGIN (SRAM3_ipc_shm)
                0x10050000                        __OPENAMP_region_end__ = (ORIGIN (SRAM3_ipc_shm) + LENGTH (SRAM3_ipc_shm))

.isr_vector     0x00000000      0x298
                0x00000000                        . = ALIGN (0x4)
 *(.isr_vector)
 .isr_vector    0x00000000      0x298 ./Core/Startup/startup_stm32mp151faax.o
                0x00000000                g_pfnVectors
                0x00000298                        . = ALIGN (0x4)

.text           0x10000000     0x5f28
                0x10000000                        . = ALIGN (0x4)
 *(.text)
 .text          0x10000000       0x40 /opt/st/stm32cubeide_1.16.0/plugins/com.st.stm32cube.ide.mcu.externaltools.gnu-tools-for-stm32.12.3.rel1.linux64_1.0.200.202406132123/tools/bin/../lib/gcc/arm-none-eabi/12.3.1/thumb/v7e-m+fp/hard/crtbegin.o
 *(.text*)
 .text.SystemInit
                0x10000040       0x4c ./Common/System/system_stm32mp1xx.o
                0x10000040                SystemInit
 .text.main     0x1000008c       0x28 ./Core/Src/main.o
                0x1000008c                main
 .text.SystemClock_Config
                0x100000b4      0x13c ./Core/Src/main.o
                0x100000b4                SystemClock_Config
 .text.MX_UART4_Init
                0x100001f0       0x98 ./Core/Src/main.o
 .text.MX_GPIO_Init
                0x10000288       0x22 ./Core/Src/main.o
 .text.Error_Handler
                0x100002aa        0xc ./Core/Src/main.o
                0x100002aa                Error_Handler
 .text.HAL_MspInit
                0x100002b6       0x60 ./Core/Src/stm32mp1xx_hal_msp.o
                0x100002b6                HAL_MspInit
 *fill*         0x10000316        0x2 
 .text.HAL_UART_MspInit
                0x10000318      0x104 ./Core/Src/stm32mp1xx_hal_msp.o
                0x10000318                HAL_UART_MspInit
 .text.NMI_Handler
                0x1000041c        0x8 ./Core/Src/stm32mp1xx_it.o
                0x1000041c                NMI_Handler
 .text.HardFault_Handler
                0x10000424        0x8 ./Core/Src/stm32mp1xx_it.o
                0x10000424                HardFault_Handler
 .text.MemManage_Handler
                0x1000042c        0x8 ./Core/Src/stm32mp1xx_it.o
                0x1000042c                MemManage_Handler
 .text.BusFault_Handler
                0x10000434        0x8 ./Core/Src/stm32mp1xx_it.o
                0x10000434                BusFault_Handler
 .text.UsageFault_Handler
                0x1000043c        0x8 ./Core/Src/stm32mp1xx_it.o
                0x1000043c                UsageFault_Handler
 .text.SVC_Handler
                0x10000444        0xe ./Core/Src/stm32mp1xx_it.o
                0x10000444                SVC_Handler
 .text.DebugMon_Handler
                0x10000452        0xe ./Core/Src/stm32mp1xx_it.o
                0x10000452                DebugMon_Handler
 .text.PendSV_Handler
                0x10000460        0xe ./Core/Src/stm32mp1xx_it.o
                0x10000460                PendSV_Handler
 .text.SysTick_Handler
                0x1000046e        0xc ./Core/Src/stm32mp1xx_it.o
                0x1000046e                SysTick_Handler
 .text.RCC_WAKEUP_IRQHandler
                0x1000047a        0xc ./Core/Src/stm32mp1xx_it.o
                0x1000047a                RCC_WAKEUP_IRQHandler
 .text.Default_Handler
                0x10000486        0x2 ./Core/Startup/startup_stm32mp151faax.o
                0x10000486                EXTI2_IRQHandler
                0x10000486                TIM8_TRG_COM_IRQHandler
                0x10000486                TIM8_CC_IRQHandler
                0x10000486                EXTI5_IRQHandler
                0x10000486                UART8_IRQHandler
                0x10000486                SPI4_IRQHandler
                0x10000486                EXTI13_IRQHandler
                0x10000486                TIM1_CC_IRQHandler
                0x10000486                DMA2_Stream5_IRQHandler
                0x10000486                ETH1_WKUP_IRQHandler
                0x10000486                TAMP_IRQHandler
                0x10000486                DMA1_Stream5_IRQHandler
                0x10000486                TIM6_IRQHandler
                0x10000486                EXTI12_IRQHandler
                0x10000486                EXTI3_IRQHandler
                0x10000486                LPTIM4_IRQHandler
                0x10000486                EXTI8_IRQHandler
                0x10000486                LPTIM2_IRQHandler
                0x10000486                DFSDM1_FLT1_IRQHandler
                0x10000486                I2C3_ER_IRQHandler
                0x10000486                DFSDM1_FLT2_IRQHandler
                0x10000486                I2C5_EV_IRQHandler
                0x10000486                MDMA_IRQHandler
                0x10000486                IPCC_TX1_IRQHandler
                0x10000486                LPTIM3_IRQHandler
                0x10000486                EXTI0_IRQHandler
                0x10000486                I2C2_EV_IRQHandler
                0x10000486                DMA1_Stream2_IRQHandler
                0x10000486                FPU_IRQHandler
                0x10000486                USBH_OHCI_IRQHandler
                0x10000486                FDCAN1_IT1_IRQHandler
                0x10000486                LTDC_ER_IRQHandler
                0x10000486                DMA2_Stream2_IRQHandler
                0x10000486                IPCC_RX0_IRQHandler
                0x10000486                OTG_IRQHandler
                0x10000486                SPI1_IRQHandler
                0x10000486                DCMI_IRQHandler
                0x10000486                TIM8_UP_IRQHandler
                0x10000486                DMA2_Stream3_IRQHandler
                0x10000486                USBH_EHCI_IRQHandler
                0x10000486                nCTIIRQ2_IRQHandler
                0x10000486                HASH1_IRQHandler
                0x10000486                GPU_IRQHandler
                0x10000486                SAI2_IRQHandler
                0x10000486                ADC1_IRQHandler
                0x10000486                RESERVED148_IRQHandler
                0x10000486                RTC_TIMESTAMP_IRQHandler
                0x10000486                DFSDM1_FLT3_IRQHandler
                0x10000486                USART6_IRQHandler
                0x10000486                EXTI15_IRQHandler
                0x10000486                TIM17_IRQHandler
                0x10000486                USART3_IRQHandler
                0x10000486                EXTI9_IRQHandler
                0x10000486                LPTIM5_IRQHandler
                0x10000486                UART5_IRQHandler
                0x10000486                DMA2_Stream0_IRQHandler
                0x10000486                TIM4_IRQHandler
                0x10000486                CRYP2_IRQHandler
                0x10000486                QUADSPI_IRQHandler
                0x10000486                I2C1_EV_IRQHandler
                0x10000486                DMA1_Stream6_IRQHandler
                0x10000486                RESERVED99_IRQHandler
                0x10000486                DMAMUX1_OVR_IRQHandler
                0x10000486                DMA1_Stream1_IRQHandler
                0x10000486                TIM16_IRQHandler
                0x10000486                UART4_IRQHandler
                0x10000486                TIM3_IRQHandler
                0x10000486                RCC_IRQHandler
                0x10000486                TIM1_TRG_COM_IRQHandler
                0x10000486                nCTIIRQ1_IRQHandler
                0x10000486                Default_Handler
                0x10000486                IPCC_RX1_IRQHandler
                0x10000486                CEC_IRQHandler
                0x10000486                DFSDM1_FLT4_IRQHandler
                0x10000486                TIM14_IRQHandler
                0x10000486                I2C5_ER_IRQHandler
                0x10000486                TIM13_IRQHandler
                0x10000486                DMA1_Stream7_IRQHandler
                0x10000486                IPCC_TX0_IRQHandler
                0x10000486                SPI5_IRQHandler
                0x10000486                TIM12_IRQHandler
                0x10000486                TIM7_IRQHandler
                0x10000486                SDMMC1_IRQHandler
                0x10000486                TIM5_IRQHandler
                0x10000486                DMA2_Stream7_IRQHandler
                0x10000486                TIM15_IRQHandler
                0x10000486                PVD_AVD_IRQHandler
                0x10000486                I2C3_EV_IRQHandler
                0x10000486                SDMMC3_IRQHandler
                0x10000486                ETH1_IRQHandler
                0x10000486                LTDC_IRQHandler
                0x10000486                SAI3_IRQHandler
                0x10000486                SPDIF_RX_IRQHandler
                0x10000486                ADC2_IRQHandler
                0x10000486                SPI2_IRQHandler
                0x10000486                DFSDM1_FLT5_IRQHandler
                0x10000486                DMA1_Stream0_IRQHandler
                0x10000486                EXTI14_IRQHandler
                0x10000486                EXTI11_IRQHandler
                0x10000486                CRYP1_IRQHandler
                0x10000486                RNG2_IRQHandler
                0x10000486                RNG1_IRQHandler
                0x10000486                HASH2_IRQHandler
                0x10000486                EXTI4_IRQHandler
                0x10000486                ETH1_LPI_IRQHandler
                0x10000486                FDCAN2_IT1_IRQHandler
                0x10000486                DSI_IRQHandler
                0x10000486                TIM1_UP_IRQHandler
                0x10000486                HSEM_IT2_IRQHandler
                0x10000486                SPI6_IRQHandler
                0x10000486                MDIOS_IRQHandler
                0x10000486                I2C4_EV_IRQHandler
                0x10000486                FDCAN2_IT0_IRQHandler
                0x10000486                I2C6_ER_IRQHandler
                0x10000486                FDCAN1_IT0_IRQHandler
                0x10000486                TIM2_IRQHandler
                0x10000486                EXTI7_IRQHandler
                0x10000486                TIM1_BRK_IRQHandler
                0x10000486                DAC_IRQHandler
                0x10000486                EXTI1_IRQHandler
                0x10000486                SDMMC2_IRQHandler
                0x10000486                DTS_IRQHandler
                0x10000486                UART7_IRQHandler
                0x10000486                USART2_IRQHandler
                0x10000486                I2C6_EV_IRQHandler
                0x10000486                DFSDM1_FLT0_IRQHandler
                0x10000486                SAI4_IRQHandler
                0x10000486                I2C2_ER_IRQHandler
                0x10000486                DMA2_Stream1_IRQHandler
                0x10000486                TIM8_BRK_IRQHandler
                0x10000486                WWDG1_IRQHandler
                0x10000486                DMA2_Stream4_IRQHandler
                0x10000486                USART1_IRQHandler
                0x10000486                RESERVED143_IRQHandler
                0x10000486                EXTI10_IRQHandler
                0x10000486                SPI3_IRQHandler
                0x10000486                WAKEUP_PIN_IRQHandler
                0x10000486                DMA1_Stream4_IRQHandler
                0x10000486                I2C1_ER_IRQHandler
                0x10000486                FMC_IRQHandler
                0x10000486                FDCAN_CAL_IRQHandler
                0x10000486                EXTI6_IRQHandler
                0x10000486                MPU_SEV_IRQHandler
                0x10000486                LPTIM1_IRQHandler
                0x10000486                RTC_WKUP_ALARM_IRQHandler
                0x10000486                I2C4_ER_IRQHandler
                0x10000486                DMA2_Stream6_IRQHandler
                0x10000486                SAI1_IRQHandler
                0x10000486                DMA1_Stream3_IRQHandler
                0x10000486                RESERVED4_IRQHandler
 .text.HAL_Init
                0x10000488       0x34 ./Drivers/STM32MP1xx_HAL_Driver/stm32mp1xx_hal.o
                0x10000488                HAL_Init
 .text.HAL_InitTick
                0x100004bc       0x6c ./Drivers/STM32MP1xx_HAL_Driver/stm32mp1xx_hal.o
                0x100004bc                HAL_InitTick
 .text.HAL_IncTick
                0x10000528       0x28 ./Drivers/STM32MP1xx_HAL_Driver/stm32mp1xx_hal.o
                0x10000528                HAL_IncTick
 .text.HAL_GetTick
                0x10000550       0x18 ./Drivers/STM32MP1xx_HAL_Driver/stm32mp1xx_hal.o
                0x10000550                HAL_GetTick
 .text.__NVIC_SetPriorityGrouping
                0x10000568       0x48 ./Drivers/STM32MP1xx_HAL_Driver/stm32mp1xx_hal_cortex.o
 .text.__NVIC_GetPriorityGrouping
                0x100005b0       0x1c ./Drivers/STM32MP1xx_HAL_Driver/stm32mp1xx_hal_cortex.o
 .text.__NVIC_EnableIRQ
                0x100005cc       0x3c ./Drivers/STM32MP1xx_HAL_Driver/stm32mp1xx_hal_cortex.o
 .text.__NVIC_SetPriority
                0x10000608       0x54 ./Drivers/STM32MP1xx_HAL_Driver/stm32mp1xx_hal_cortex.o
 .text.NVIC_EncodePriority
                0x1000065c       0x66 ./Drivers/STM32MP1xx_HAL_Driver/stm32mp1xx_hal_cortex.o
 *fill*         0x100006c2        0x2 
 .text.SysTick_Config
                0x100006c4       0x44 ./Drivers/STM32MP1xx_HAL_Driver/stm32mp1xx_hal_cortex.o
 .text.HAL_NVIC_SetPriorityGrouping
                0x10000708       0x16 ./Drivers/STM32MP1xx_HAL_Driver/stm32mp1xx_hal_cortex.o
                0x10000708                HAL_NVIC_SetPriorityGrouping
 .text.HAL_NVIC_SetPriority
                0x1000071e       0x38 ./Drivers/STM32MP1xx_HAL_Driver/stm32mp1xx_hal_cortex.o
                0x1000071e                HAL_NVIC_SetPriority
 .text.HAL_NVIC_EnableIRQ
                0x10000756       0x1c ./Drivers/STM32MP1xx_HAL_Driver/stm32mp1xx_hal_cortex.o
                0x10000756                HAL_NVIC_EnableIRQ
 .text.HAL_SYSTICK_Config
                0x10000772       0x18 ./Drivers/STM32MP1xx_HAL_Driver/stm32mp1xx_hal_cortex.o
                0x10000772                HAL_SYSTICK_Config
 *fill*         0x1000078a        0x2 
 .text.HAL_GPIO_Init
                0x1000078c      0x354 ./Drivers/STM32MP1xx_HAL_Driver/stm32mp1xx_hal_gpio.o
                0x1000078c                HAL_GPIO_Init
 .text.HAL_RCC_OscConfig
                0x10000ae0      0x664 ./Drivers/STM32MP1xx_HAL_Driver/stm32mp1xx_hal_rcc.o
                0x10000ae0                HAL_RCC_OscConfig
 .text.HAL_RCC_HSEConfig
                0x10001144       0xd6 ./Drivers/STM32MP1xx_HAL_Driver/stm32mp1xx_hal_rcc.o
                0x10001144                HAL_RCC_HSEConfig
 .text.HAL_RCC_LSEConfig
                0x1000121a       0xfa ./Drivers/STM32MP1xx_HAL_Driver/stm32mp1xx_hal_rcc.o
                0x1000121a                HAL_RCC_LSEConfig
 .text.RCC_PLL1_Config
                0x10001314      0x308 ./Drivers/STM32MP1xx_HAL_Driver/stm32mp1xx_hal_rcc.o
                0x10001314                RCC_PLL1_Config
 .text.HAL_RCC_ClockConfig
                0x1000161c      0x224 ./Drivers/STM32MP1xx_HAL_Driver/stm32mp1xx_hal_rcc.o
                0x1000161c                HAL_RCC_ClockConfig
 .text.RCC_MPUConfig
                0x10001840       0xec ./Drivers/STM32MP1xx_HAL_Driver/stm32mp1xx_hal_rcc.o
                0x10001840                RCC_MPUConfig
 .text.RCC_AXISSConfig
                0x1000192c      0x12e ./Drivers/STM32MP1xx_HAL_Driver/stm32mp1xx_hal_rcc.o
                0x1000192c                RCC_AXISSConfig
 *fill*         0x10001a5a        0x2 
 .text.RCC_MCUConfig
                0x10001a5c      0x150 ./Drivers/STM32MP1xx_HAL_Driver/stm32mp1xx_hal_rcc.o
                0x10001a5c                RCC_MCUConfig
 .text.HAL_RCC_GetPLL2ClockFreq
                0x10001bac      0x1d8 ./Drivers/STM32MP1xx_HAL_Driver/stm32mp1xx_hal_rcc.o
                0x10001bac                HAL_RCC_GetPLL2ClockFreq
 .text.HAL_RCC_GetPLL3ClockFreq
                0x10001d84      0x1f4 ./Drivers/STM32MP1xx_HAL_Driver/stm32mp1xx_hal_rcc.o
                0x10001d84                HAL_RCC_GetPLL3ClockFreq
 .text.HAL_RCC_GetPLL4ClockFreq
                0x10001f78      0x210 ./Drivers/STM32MP1xx_HAL_Driver/stm32mp1xx_hal_rcc.o
                0x10001f78                HAL_RCC_GetPLL4ClockFreq
 .text.HAL_RCC_GetPCLK1Freq
                0x10002188       0x36 ./Drivers/STM32MP1xx_HAL_Driver/stm32mp1xx_hal_rcc.o
                0x10002188                HAL_RCC_GetPCLK1Freq
 .text.HAL_RCC_GetPCLK2Freq
                0x100021be       0x36 ./Drivers/STM32MP1xx_HAL_Driver/stm32mp1xx_hal_rcc.o
                0x100021be                HAL_RCC_GetPCLK2Freq
 .text.HAL_RCC_GetPCLK5Freq
                0x100021f4       0x34 ./Drivers/STM32MP1xx_HAL_Driver/stm32mp1xx_hal_rcc.o
                0x100021f4                HAL_RCC_GetPCLK5Freq
 .text.HAL_RCC_GetACLKFreq
                0x10002228       0x3a ./Drivers/STM32MP1xx_HAL_Driver/stm32mp1xx_hal_rcc.o
                0x10002228                HAL_RCC_GetACLKFreq
 .text.HAL_RCC_GetMCUFreq
                0x10002262       0x36 ./Drivers/STM32MP1xx_HAL_Driver/stm32mp1xx_hal_rcc.o
                0x10002262                HAL_RCC_GetMCUFreq
 .text.HAL_RCC_GetSystemCoreClockFreq
                0x10002298        0xe ./Drivers/STM32MP1xx_HAL_Driver/stm32mp1xx_hal_rcc.o
                0x10002298                HAL_RCC_GetSystemCoreClockFreq
 *fill*         0x100022a6        0x2 
 .text.HAL_RCC_GetAXISSFreq
                0x100022a8       0x7c ./Drivers/STM32MP1xx_HAL_Driver/stm32mp1xx_hal_rcc.o
                0x100022a8                HAL_RCC_GetAXISSFreq
 .text.HAL_RCC_GetMCUSSFreq
                0x10002324       0x74 ./Drivers/STM32MP1xx_HAL_Driver/stm32mp1xx_hal_rcc.o
                0x10002324                HAL_RCC_GetMCUSSFreq
 .text.HAL_RCC_WAKEUP_IRQHandler
                0x10002398       0x2a ./Drivers/STM32MP1xx_HAL_Driver/stm32mp1xx_hal_rcc.o
                0x10002398                HAL_RCC_WAKEUP_IRQHandler
 .text.HAL_RCC_WAKEUP_Callback
                0x100023c2        0xe ./Drivers/STM32MP1xx_HAL_Driver/stm32mp1xx_hal_rcc.o
                0x100023c2                HAL_RCC_WAKEUP_Callback
 .text.RCCEx_PLL2_Config
                0x100023d0      0x304 ./Drivers/STM32MP1xx_HAL_Driver/stm32mp1xx_hal_rcc_ex.o
                0x100023d0                RCCEx_PLL2_Config
 .text.RCCEx_PLL3_Config
                0x100026d4      0x2d4 ./Drivers/STM32MP1xx_HAL_Driver/stm32mp1xx_hal_rcc_ex.o
                0x100026d4                RCCEx_PLL3_Config
 .text.RCCEx_PLL4_Config
                0x100029a8      0x2b0 ./Drivers/STM32MP1xx_HAL_Driver/stm32mp1xx_hal_rcc_ex.o
                0x100029a8                RCCEx_PLL4_Config
 .text.HAL_RCCEx_PeriphCLKConfig
                0x10002c58     0x1b6c ./Drivers/STM32MP1xx_HAL_Driver/stm32mp1xx_hal_rcc_ex.o
                0x10002c58                HAL_RCCEx_PeriphCLKConfig
 .text.HAL_UART_Init
                0x100047c4       0xa0 ./Drivers/STM32MP1xx_HAL_Driver/stm32mp1xx_hal_uart.o
                0x100047c4                HAL_UART_Init
 .text.UART_SetConfig
                0x10004864     0x114c ./Drivers/STM32MP1xx_HAL_Driver/stm32mp1xx_hal_uart.o
                0x10004864                UART_SetConfig
 .text.UART_AdvFeatureConfig
                0x100059b0      0x144 ./Drivers/STM32MP1xx_HAL_Driver/stm32mp1xx_hal_uart.o
                0x100059b0                UART_AdvFeatureConfig
 .text.UART_CheckIdleState
                0x10005af4       0x90 ./Drivers/STM32MP1xx_HAL_Driver/stm32mp1xx_hal_uart.o
                0x10005af4                UART_CheckIdleState
 .text.UART_WaitOnFlagUntilTimeout
                0x10005b84      0x100 ./Drivers/STM32MP1xx_HAL_Driver/stm32mp1xx_hal_uart.o
                0x10005b84                UART_WaitOnFlagUntilTimeout
 .text.HAL_UARTEx_DisableFifoMode
                0x10005c84       0x72 ./Drivers/STM32MP1xx_HAL_Driver/stm32mp1xx_hal_uart_ex.o
                0x10005c84                HAL_UARTEx_DisableFifoMode
 .text.HAL_UARTEx_SetTxFifoThreshold
                0x10005cf6       0x7c ./Drivers/STM32MP1xx_HAL_Driver/stm32mp1xx_hal_uart_ex.o
                0x10005cf6                HAL_UARTEx_SetTxFifoThreshold
 .text.HAL_UARTEx_SetRxFifoThreshold
                0x10005d72       0x7c ./Drivers/STM32MP1xx_HAL_Driver/stm32mp1xx_hal_uart_ex.o
                0x10005d72                HAL_UARTEx_SetRxFifoThreshold
 *fill*         0x10005dee        0x2 
 .text.UARTEx_SetNbDataToProcess
                0x10005df0       0xc8 ./Drivers/STM32MP1xx_HAL_Driver/stm32mp1xx_hal_uart_ex.o
 .text.memset   0x10005eb8       0x10 /opt/st/stm32cubeide_1.16.0/plugins/com.st.stm32cube.ide.mcu.externaltools.gnu-tools-for-stm32.12.3.rel1.linux64_1.0.200.202406132123/tools/bin/../lib/gcc/arm-none-eabi/12.3.1/../../../../arm-none-eabi/lib/thumb/v7e-m+fp/hard/libc_nano.a(libc_a-memset.o)
                0x10005eb8                memset
 .text.__libc_init_array
                0x10005ec8       0x48 /opt/st/stm32cubeide_1.16.0/plugins/com.st.stm32cube.ide.mcu.externaltools.gnu-tools-for-stm32.12.3.rel1.linux64_1.0.200.202406132123/tools/bin/../lib/gcc/arm-none-eabi/12.3.1/../../../../arm-none-eabi/lib/thumb/v7e-m+fp/hard/libc_nano.a(libc_a-init.o)
                0x10005ec8                __libc_init_array
 *(.glue_7)
 .glue_7        0x10005f10        0x0 linker stubs
 *(.glue_7t)
 .glue_7t       0x10005f10        0x0 linker stubs
 *(.eh_frame)
 .eh_frame      0x10005f10        0x0 /opt/st/stm32cubeide_1.16.0/plugins/com.st.stm32cube.ide.mcu.externaltools.gnu-tools-for-stm32.12.3.rel1.linux64_1.0.200.202406132123/tools/bin/../lib/gcc/arm-none-eabi/12.3.1/thumb/v7e-m+fp/hard/crtbegin.o
 *(.init)
 .init          0x10005f10        0x4 /opt/st/stm32cubeide_1.16.0/plugins/com.st.stm32cube.ide.mcu.externaltools.gnu-tools-for-stm32.12.3.rel1.linux64_1.0.200.202406132123/tools/bin/../lib/gcc/arm-none-eabi/12.3.1/thumb/v7e-m+fp/hard/crti.o
                0x10005f10                _init
 .init          0x10005f14        0x8 /opt/st/stm32cubeide_1.16.0/plugins/com.st.stm32cube.ide.mcu.externaltools.gnu-tools-for-stm32.12.3.rel1.linux64_1.0.200.202406132123/tools/bin/../lib/gcc/arm-none-eabi/12.3.1/thumb/v7e-m+fp/hard/crtn.o
 *(.fini)
 .fini          0x10005f1c        0x4 /opt/st/stm32cubeide_1.16.0/plugins/com.st.stm32cube.ide.mcu.externaltools.gnu-tools-for-stm32.12.3.rel1.linux64_1.0.200.202406132123/tools/bin/../lib/gcc/arm-none-eabi/12.3.1/thumb/v7e-m+fp/hard/crti.o
                0x10005f1c                _fini
 .fini          0x10005f20        0x8 /opt/st/stm32cubeide_1.16.0/plugins/com.st.stm32cube.ide.mcu.externaltools.gnu-tools-for-stm32.12.3.rel1.linux64_1.0.200.202406132123/tools/bin/../lib/gcc/arm-none-eabi/12.3.1/thumb/v7e-m+fp/hard/crtn.o
                0x10005f28                        . = ALIGN (0x4)
                0x10005f28                        _etext = .

.vfp11_veneer   0x10005f28        0x0
 .vfp11_veneer  0x10005f28        0x0 linker stubs

.v4_bx          0x10005f28        0x0
 .v4_bx         0x10005f28        0x0 linker stubs

.iplt           0x10005f28        0x0
 .iplt          0x10005f28        0x0 /opt/st/stm32cubeide_1.16.0/plugins/com.st.stm32cube.ide.mcu.externaltools.gnu-tools-for-stm32.12.3.rel1.linux64_1.0.200.202406132123/tools/bin/../lib/gcc/arm-none-eabi/12.3.1/thumb/v7e-m+fp/hard/crtbegin.o

.startup_copro_fw.Reset_Handler
                0x10005f28       0x50
 .startup_copro_fw.Reset_Handler
                0x10005f28       0x50 ./Core/Startup/startup_stm32mp151faax.o
                0x10005f28                Reset_Handler

.rodata         0x10005f78       0x10
                0x10005f78                        . = ALIGN (0x4)
 *(.rodata)
 .rodata        0x10005f78       0x10 ./Drivers/STM32MP1xx_HAL_Driver/stm32mp1xx_hal_uart_ex.o
 *(.rodata*)
                0x10005f88                        . = ALIGN (0x4)

.ARM.extab      0x10005f88        0x0
                0x10005f88                        . = ALIGN (0x4)
 *(.ARM.extab* .gnu.linkonce.armextab.*)
                0x10005f88                        . = ALIGN (0x4)

.ARM            0x10005f88        0x0
                0x10005f88                        . = ALIGN (0x4)
                0x10005f88                        __exidx_start = .
 *(.ARM.exidx*)
                0x10005f88                        __exidx_end = .
                0x10005f88                        . = ALIGN (0x4)

.preinit_array  0x10005f88        0x0
                0x10005f88                        . = ALIGN (0x4)
                0x10005f88                        PROVIDE (__preinit_array_start = .)
 *(.preinit_array*)
                0x10005f88                        PROVIDE (__preinit_array_end = .)
                0x10005f88                        . = ALIGN (0x4)

.init_array     0x10005f88        0x4
                0x10005f88                        . = ALIGN (0x4)
                0x10005f88                        PROVIDE (__init_array_start = .)
 *(SORT_BY_NAME(.init_array.*))
 *(.init_array*)
 .init_array    0x10005f88        0x4 /opt/st/stm32cubeide_1.16.0/plugins/com.st.stm32cube.ide.mcu.externaltools.gnu-tools-for-stm32.12.3.rel1.linux64_1.0.200.202406132123/tools/bin/../lib/gcc/arm-none-eabi/12.3.1/thumb/v7e-m+fp/hard/crtbegin.o
                0x10005f8c                        PROVIDE (__init_array_end = .)
                0x10005f8c                        . = ALIGN (0x4)

.fini_array     0x10005f8c        0x4
                0x10005f8c                        . = ALIGN (0x4)
                [!provide]                        PROVIDE (__fini_array_start = .)
 *(SORT_BY_NAME(.fini_array.*))
 *(.fini_array*)
 .fini_array    0x10005f8c        0x4 /opt/st/stm32cubeide_1.16.0/plugins/com.st.stm32cube.ide.mcu.externaltools.gnu-tools-for-stm32.12.3.rel1.linux64_1.0.200.202406132123/tools/bin/../lib/gcc/arm-none-eabi/12.3.1/thumb/v7e-m+fp/hard/crtbegin.o
                [!provide]                        PROVIDE (__fini_array_end = .)
                0x10005f90                        . = ALIGN (0x4)
                0x10005f90                        __DATA_ROM = .
                0x10005f90                        _sidata = LOADADDR (.data)

.rel.dyn        0x10005f90        0x0
 .rel.iplt      0x10005f90        0x0 /opt/st/stm32cubeide_1.16.0/plugins/com.st.stm32cube.ide.mcu.externaltools.gnu-tools-for-stm32.12.3.rel1.linux64_1.0.200.202406132123/tools/bin/../lib/gcc/arm-none-eabi/12.3.1/thumb/v7e-m+fp/hard/crtbegin.o

.data           0x10020000        0xc load address 0x10005f90
                0x10020000                        . = ALIGN (0x4)
                0x10020000                        _sdata = .
 *(.data)
 *(.data*)
 .data.SystemCoreClock
                0x10020000        0x4 ./Common/System/system_stm32mp1xx.o
                0x10020000                SystemCoreClock
 .data.uwTickPrio
                0x10020004        0x4 ./Drivers/STM32MP1xx_HAL_Driver/stm32mp1xx_hal.o
                0x10020004                uwTickPrio
 .data.uwTickFreq
                0x10020008        0x1 ./Drivers/STM32MP1xx_HAL_Driver/stm32mp1xx_hal.o
                0x10020008                uwTickFreq
                0x1002000c                        . = ALIGN (0x4)
 *fill*         0x10020009        0x3 
                0x1002000c                        _edata = .
                0x10005f9c                        __DATA_END = (__DATA_ROM + (_edata - _sdata))
                0x10020000                        text_end = (ORIGIN (SRAM1_text) + LENGTH (SRAM1_text))
                0x00000001                        ASSERT ((__DATA_END <= text_end), region SRAM1_text overflowed with text and data)

.igot.plt       0x1002000c        0x0 load address 0x10005f9c
 .igot.plt      0x1002000c        0x0 /opt/st/stm32cubeide_1.16.0/plugins/com.st.stm32cube.ide.mcu.externaltools.gnu-tools-for-stm32.12.3.rel1.linux64_1.0.200.202406132123/tools/bin/../lib/gcc/arm-none-eabi/12.3.1/thumb/v7e-m+fp/hard/crtbegin.o

.resource_table
                0x1002000c        0x0
                0x1002000c                        . = ALIGN (0x4)
 *(.resource_table*)
                0x1002000c                        . = ALIGN (0x4)
                0x1002000c                        . = ALIGN (0x4)

.bss            0x1002000c       0xb4 load address 0x10005f9c
                0x1002000c                        _sbss = .
                0x1002000c                        __bss_start__ = _sbss
 *(.bss)
 .bss           0x1002000c       0x1c /opt/st/stm32cubeide_1.16.0/plugins/com.st.stm32cube.ide.mcu.externaltools.gnu-tools-for-stm32.12.3.rel1.linux64_1.0.200.202406132123/tools/bin/../lib/gcc/arm-none-eabi/12.3.1/thumb/v7e-m+fp/hard/crtbegin.o
 *(.bss*)
 .bss.huart4    0x10020028       0x94 ./Core/Src/main.o
                0x10020028                huart4
 .bss.uwTick    0x100200bc        0x4 ./Drivers/STM32MP1xx_HAL_Driver/stm32mp1xx_hal.o
                0x100200bc                uwTick
 *(COMMON)
                0x100200c0                        . = ALIGN (0x4)
                0x100200c0                        _ebss = .
                0x100200c0                        __bss_end__ = _ebss

._user_heap_stack
                0x100200c0      0x600 load address 0x10006050
                0x100200c0                        . = ALIGN (0x8)
                [!provide]                        PROVIDE (end = .)
                0x100200c0                        PROVIDE (_end = .)
                0x100202c0                        . = (. + _Min_Heap_Size)
 *fill*         0x100200c0      0x200 
                0x100206c0                        . = (. + _Min_Stack_Size)
 *fill*         0x100202c0      0x400 
                0x100206c0                        . = ALIGN (0x8)

/DISCARD/
 libc.a(*)
 libm.a(*)
 libgcc.a(*)

.ARM.attributes
                0x00000000       0x30
 *(.ARM.attributes)
 .ARM.attributes
                0x00000000       0x22 /opt/st/stm32cubeide_1.16.0/plugins/com.st.stm32cube.ide.mcu.externaltools.gnu-tools-for-stm32.12.3.rel1.linux64_1.0.200.202406132123/tools/bin/../lib/gcc/arm-none-eabi/12.3.1/thumb/v7e-m+fp/hard/crti.o
 .ARM.attributes
                0x00000022       0x34 /opt/st/stm32cubeide_1.16.0/plugins/com.st.stm32cube.ide.mcu.externaltools.gnu-tools-for-stm32.12.3.rel1.linux64_1.0.200.202406132123/tools/bin/../lib/gcc/arm-none-eabi/12.3.1/thumb/v7e-m+fp/hard/crtbegin.o
 .ARM.attributes
                0x00000056       0x34 ./Common/System/system_stm32mp1xx.o
 .ARM.attributes
                0x0000008a       0x34 ./Core/Src/main.o
 .ARM.attributes
                0x000000be       0x34 ./Core/Src/stm32mp1xx_hal_msp.o
 .ARM.attributes
                0x000000f2       0x34 ./Core/Src/stm32mp1xx_it.o
 .ARM.attributes
                0x00000126       0x21 ./Core/Startup/startup_stm32mp151faax.o
 .ARM.attributes
                0x00000147       0x34 ./Drivers/STM32MP1xx_HAL_Driver/stm32mp1xx_hal.o
 .ARM.attributes
                0x0000017b       0x34 ./Drivers/STM32MP1xx_HAL_Driver/stm32mp1xx_hal_cortex.o
 .ARM.attributes
                0x000001af       0x34 ./Drivers/STM32MP1xx_HAL_Driver/stm32mp1xx_hal_gpio.o
 .ARM.attributes
                0x000001e3       0x34 ./Drivers/STM32MP1xx_HAL_Driver/stm32mp1xx_hal_rcc.o
 .ARM.attributes
                0x00000217       0x34 ./Drivers/STM32MP1xx_HAL_Driver/stm32mp1xx_hal_rcc_ex.o
 .ARM.attributes
                0x0000024b       0x34 ./Drivers/STM32MP1xx_HAL_Driver/stm32mp1xx_hal_uart.o
 .ARM.attributes
                0x0000027f       0x34 ./Drivers/STM32MP1xx_HAL_Driver/stm32mp1xx_hal_uart_ex.o
 .ARM.attributes
                0x000002b3       0x34 /opt/st/stm32cubeide_1.16.0/plugins/com.st.stm32cube.ide.mcu.externaltools.gnu-tools-for-stm32.12.3.rel1.linux64_1.0.200.202406132123/tools/bin/../lib/gcc/arm-none-eabi/12.3.1/../../../../arm-none-eabi/lib/thumb/v7e-m+fp/hard/libc_nano.a(libc_a-memset.o)
 .ARM.attributes
                0x000002e7       0x34 /opt/st/stm32cubeide_1.16.0/plugins/com.st.stm32cube.ide.mcu.externaltools.gnu-tools-for-stm32.12.3.rel1.linux64_1.0.200.202406132123/tools/bin/../lib/gcc/arm-none-eabi/12.3.1/../../../../arm-none-eabi/lib/thumb/v7e-m+fp/hard/libc_nano.a(libc_a-init.o)
 .ARM.attributes
                0x0000031b       0x22 /opt/st/stm32cubeide_1.16.0/plugins/com.st.stm32cube.ide.mcu.externaltools.gnu-tools-for-stm32.12.3.rel1.linux64_1.0.200.202406132123/tools/bin/../lib/gcc/arm-none-eabi/12.3.1/thumb/v7e-m+fp/hard/crtn.o
OUTPUT(MNPlusBootSrtrap3_CM4.elf elf32-littlearm)
LOAD linker stubs
LOAD /opt/st/stm32cubeide_1.16.0/plugins/com.st.stm32cube.ide.mcu.externaltools.gnu-tools-for-stm32.12.3.rel1.linux64_1.0.200.202406132123/tools/bin/../lib/gcc/arm-none-eabi/12.3.1/../../../../arm-none-eabi/lib/thumb/v7e-m+fp/hard/libc.a
LOAD /opt/st/stm32cubeide_1.16.0/plugins/com.st.stm32cube.ide.mcu.externaltools.gnu-tools-for-stm32.12.3.rel1.linux64_1.0.200.202406132123/tools/bin/../lib/gcc/arm-none-eabi/12.3.1/../../../../arm-none-eabi/lib/thumb/v7e-m+fp/hard/libm.a
LOAD /opt/st/stm32cubeide_1.16.0/plugins/com.st.stm32cube.ide.mcu.externaltools.gnu-tools-for-stm32.12.3.rel1.linux64_1.0.200.202406132123/tools/bin/../lib/gcc/arm-none-eabi/12.3.1/thumb/v7e-m+fp/hard/libgcc.a

.debug_info     0x00000000     0xedda
 .debug_info    0x00000000     0x114b ./Common/System/system_stm32mp1xx.o
 .debug_info    0x0000114b     0x1fcc ./Core/Src/main.o
 .debug_info    0x00003117     0x25bb ./Core/Src/stm32mp1xx_hal_msp.o
 .debug_info    0x000056d2      0x131 ./Core/Src/stm32mp1xx_it.o
 .debug_info    0x00005803       0x30 ./Core/Startup/startup_stm32mp151faax.o
 .debug_info    0x00005833      0xdcc ./Drivers/STM32MP1xx_HAL_Driver/stm32mp1xx_hal.o
 .debug_info    0x000065ff      0xe5e ./Drivers/STM32MP1xx_HAL_Driver/stm32mp1xx_hal_cortex.o
 .debug_info    0x0000745d      0x944 ./Drivers/STM32MP1xx_HAL_Driver/stm32mp1xx_hal_gpio.o
 .debug_info    0x00007da1     0x1b5e ./Drivers/STM32MP1xx_HAL_Driver/stm32mp1xx_hal_rcc.o
 .debug_info    0x000098ff     0x1698 ./Drivers/STM32MP1xx_HAL_Driver/stm32mp1xx_hal_rcc_ex.o
 .debug_info    0x0000af97     0x2daa ./Drivers/STM32MP1xx_HAL_Driver/stm32mp1xx_hal_uart.o
 .debug_info    0x0000dd41     0x1099 ./Drivers/STM32MP1xx_HAL_Driver/stm32mp1xx_hal_uart_ex.o

.debug_abbrev   0x00000000     0x1813
 .debug_abbrev  0x00000000      0x128 ./Common/System/system_stm32mp1xx.o
 .debug_abbrev  0x00000128      0x25b ./Core/Src/main.o
 .debug_abbrev  0x00000383      0x231 ./Core/Src/stm32mp1xx_hal_msp.o
 .debug_abbrev  0x000005b4       0x75 ./Core/Src/stm32mp1xx_it.o
 .debug_abbrev  0x00000629       0x24 ./Core/Startup/startup_stm32mp151faax.o
 .debug_abbrev  0x0000064d      0x29d ./Drivers/STM32MP1xx_HAL_Driver/stm32mp1xx_hal.o
 .debug_abbrev  0x000008ea      0x339 ./Drivers/STM32MP1xx_HAL_Driver/stm32mp1xx_hal_cortex.o
 .debug_abbrev  0x00000c23      0x1ee ./Drivers/STM32MP1xx_HAL_Driver/stm32mp1xx_hal_gpio.o
 .debug_abbrev  0x00000e11      0x2b6 ./Drivers/STM32MP1xx_HAL_Driver/stm32mp1xx_hal_rcc.o
 .debug_abbrev  0x000010c7      0x264 ./Drivers/STM32MP1xx_HAL_Driver/stm32mp1xx_hal_rcc_ex.o
 .debug_abbrev  0x0000132b      0x294 ./Drivers/STM32MP1xx_HAL_Driver/stm32mp1xx_hal_uart.o
 .debug_abbrev  0x000015bf      0x254 ./Drivers/STM32MP1xx_HAL_Driver/stm32mp1xx_hal_uart_ex.o

.debug_aranges  0x00000000      0x8b0
 .debug_aranges
                0x00000000       0x28 ./Common/System/system_stm32mp1xx.o
 .debug_aranges
                0x00000028       0x40 ./Core/Src/main.o
 .debug_aranges
                0x00000068       0x30 ./Core/Src/stm32mp1xx_hal_msp.o
 .debug_aranges
                0x00000098       0x68 ./Core/Src/stm32mp1xx_it.o
 .debug_aranges
                0x00000100       0x28 ./Core/Startup/startup_stm32mp151faax.o
 .debug_aranges
                0x00000128      0x178 ./Drivers/STM32MP1xx_HAL_Driver/stm32mp1xx_hal.o
 .debug_aranges
                0x000002a0      0x100 ./Drivers/STM32MP1xx_HAL_Driver/stm32mp1xx_hal_cortex.o
 .debug_aranges
                0x000003a0       0x60 ./Drivers/STM32MP1xx_HAL_Driver/stm32mp1xx_hal_gpio.o
 .debug_aranges
                0x00000400      0x160 ./Drivers/STM32MP1xx_HAL_Driver/stm32mp1xx_hal_rcc.o
 .debug_aranges
                0x00000560       0x58 ./Drivers/STM32MP1xx_HAL_Driver/stm32mp1xx_hal_rcc_ex.o
 .debug_aranges
                0x000005b8      0x270 ./Drivers/STM32MP1xx_HAL_Driver/stm32mp1xx_hal_uart.o
 .debug_aranges
                0x00000828       0x88 ./Drivers/STM32MP1xx_HAL_Driver/stm32mp1xx_hal_uart_ex.o

.debug_rnglists
                0x00000000      0x689
 .debug_rnglists
                0x00000000       0x1a ./Common/System/system_stm32mp1xx.o
 .debug_rnglists
                0x0000001a       0x2d ./Core/Src/main.o
 .debug_rnglists
                0x00000047       0x20 ./Core/Src/stm32mp1xx_hal_msp.o
 .debug_rnglists
                0x00000067       0x49 ./Core/Src/stm32mp1xx_it.o
 .debug_rnglists
                0x000000b0       0x19 ./Core/Startup/startup_stm32mp151faax.o
 .debug_rnglists
                0x000000c9      0x115 ./Drivers/STM32MP1xx_HAL_Driver/stm32mp1xx_hal.o
 .debug_rnglists
                0x000001de       0xbc ./Drivers/STM32MP1xx_HAL_Driver/stm32mp1xx_hal_cortex.o
 .debug_rnglists
                0x0000029a       0x45 ./Drivers/STM32MP1xx_HAL_Driver/stm32mp1xx_hal_gpio.o
 .debug_rnglists
                0x000002df      0x114 ./Drivers/STM32MP1xx_HAL_Driver/stm32mp1xx_hal_rcc.o
 .debug_rnglists
                0x000003f3       0x43 ./Drivers/STM32MP1xx_HAL_Driver/stm32mp1xx_hal_rcc_ex.o
 .debug_rnglists
                0x00000436      0x1ef ./Drivers/STM32MP1xx_HAL_Driver/stm32mp1xx_hal_uart.o
 .debug_rnglists
                0x00000625       0x64 ./Drivers/STM32MP1xx_HAL_Driver/stm32mp1xx_hal_uart_ex.o

.debug_macro    0x00000000    0x40832
 .debug_macro   0x00000000      0x27f ./Common/System/system_stm32mp1xx.o
 .debug_macro   0x0000027f      0xaba ./Common/System/system_stm32mp1xx.o
 .debug_macro   0x00000d39       0x2e ./Common/System/system_stm32mp1xx.o
 .debug_macro   0x00000d67       0x3a ./Common/System/system_stm32mp1xx.o
 .debug_macro   0x00000da1       0x22 ./Common/System/system_stm32mp1xx.o
 .debug_macro   0x00000dc3       0x8e ./Common/System/system_stm32mp1xx.o
 .debug_macro   0x00000e51       0x51 ./Common/System/system_stm32mp1xx.o
 .debug_macro   0x00000ea2      0x103 ./Common/System/system_stm32mp1xx.o
 .debug_macro   0x00000fa5       0x6a ./Common/System/system_stm32mp1xx.o
 .debug_macro   0x0000100f      0x1df ./Common/System/system_stm32mp1xx.o
 .debug_macro   0x000011ee       0x1c ./Common/System/system_stm32mp1xx.o
 .debug_macro   0x0000120a       0x22 ./Common/System/system_stm32mp1xx.o
 .debug_macro   0x0000122c       0xfb ./Common/System/system_stm32mp1xx.o
 .debug_macro   0x00001327     0x1011 ./Common/System/system_stm32mp1xx.o
 .debug_macro   0x00002338      0x11f ./Common/System/system_stm32mp1xx.o
 .debug_macro   0x00002457    0x373bb ./Common/System/system_stm32mp1xx.o
 .debug_macro   0x00039812       0x43 ./Common/System/system_stm32mp1xx.o
 .debug_macro   0x00039855       0xda ./Common/System/system_stm32mp1xx.o
 .debug_macro   0x0003992f       0x61 ./Common/System/system_stm32mp1xx.o
 .debug_macro   0x00039990       0x2a ./Common/System/system_stm32mp1xx.o
 .debug_macro   0x000399ba       0x43 ./Common/System/system_stm32mp1xx.o
 .debug_macro   0x000399fd       0x34 ./Common/System/system_stm32mp1xx.o
 .debug_macro   0x00039a31       0x16 ./Common/System/system_stm32mp1xx.o
 .debug_macro   0x00039a47       0x9e ./Common/System/system_stm32mp1xx.o
 .debug_macro   0x00039ae5      0x369 ./Common/System/system_stm32mp1xx.o
 .debug_macro   0x00039e4e      0x10b ./Common/System/system_stm32mp1xx.o
 .debug_macro   0x00039f59       0x10 ./Common/System/system_stm32mp1xx.o
 .debug_macro   0x00039f69       0x16 ./Common/System/system_stm32mp1xx.o
 .debug_macro   0x00039f7f       0x43 ./Common/System/system_stm32mp1xx.o
 .debug_macro   0x00039fc2       0x34 ./Common/System/system_stm32mp1xx.o
 .debug_macro   0x00039ff6       0x10 ./Common/System/system_stm32mp1xx.o
 .debug_macro   0x0003a006       0x58 ./Common/System/system_stm32mp1xx.o
 .debug_macro   0x0003a05e       0x8e ./Common/System/system_stm32mp1xx.o
 .debug_macro   0x0003a0ec       0x1c ./Common/System/system_stm32mp1xx.o
 .debug_macro   0x0003a108      0x177 ./Common/System/system_stm32mp1xx.o
 .debug_macro   0x0003a27f       0x16 ./Common/System/system_stm32mp1xx.o
 .debug_macro   0x0003a295       0x16 ./Common/System/system_stm32mp1xx.o
 .debug_macro   0x0003a2ab      0x146 ./Common/System/system_stm32mp1xx.o
 .debug_macro   0x0003a3f1       0x5b ./Common/System/system_stm32mp1xx.o
 .debug_macro   0x0003a44c     0x1d54 ./Common/System/system_stm32mp1xx.o
 .debug_macro   0x0003c1a0      0x95d ./Common/System/system_stm32mp1xx.o
 .debug_macro   0x0003cafd       0x2e ./Common/System/system_stm32mp1xx.o
 .debug_macro   0x0003cb2b      0x33a ./Common/System/system_stm32mp1xx.o
 .debug_macro   0x0003ce65      0x13a ./Common/System/system_stm32mp1xx.o
 .debug_macro   0x0003cf9f      0x2d6 ./Common/System/system_stm32mp1xx.o
 .debug_macro   0x0003d275       0x27 ./Common/System/system_stm32mp1xx.o
 .debug_macro   0x0003d29c      0x566 ./Common/System/system_stm32mp1xx.o
 .debug_macro   0x0003d802       0xe0 ./Common/System/system_stm32mp1xx.o
 .debug_macro   0x0003d8e2       0x66 ./Common/System/system_stm32mp1xx.o
 .debug_macro   0x0003d948      0x3d7 ./Common/System/system_stm32mp1xx.o
 .debug_macro   0x0003dd1f      0x227 ./Common/System/system_stm32mp1xx.o
 .debug_macro   0x0003df46      0x152 ./Common/System/system_stm32mp1xx.o
 .debug_macro   0x0003e098      0x1f9 ./Common/System/system_stm32mp1xx.o
 .debug_macro   0x0003e291       0x19 ./Common/System/system_stm32mp1xx.o
 .debug_macro   0x0003e2aa      0x64d ./Common/System/system_stm32mp1xx.o
 .debug_macro   0x0003e8f7       0xa6 ./Common/System/system_stm32mp1xx.o
 .debug_macro   0x0003e99d      0x513 ./Common/System/system_stm32mp1xx.o
 .debug_macro   0x0003eeb0      0x283 ./Core/Src/main.o
 .debug_macro   0x0003f133      0x283 ./Core/Src/stm32mp1xx_hal_msp.o
 .debug_macro   0x0003f3b6      0x28d ./Core/Src/stm32mp1xx_it.o
 .debug_macro   0x0003f643      0x2a9 ./Drivers/STM32MP1xx_HAL_Driver/stm32mp1xx_hal.o
 .debug_macro   0x0003f8ec      0x279 ./Drivers/STM32MP1xx_HAL_Driver/stm32mp1xx_hal_cortex.o
 .debug_macro   0x0003fb65      0x2ae ./Drivers/STM32MP1xx_HAL_Driver/stm32mp1xx_hal_gpio.o
 .debug_macro   0x0003fe13      0x285 ./Drivers/STM32MP1xx_HAL_Driver/stm32mp1xx_hal_rcc.o
 .debug_macro   0x00040098      0x27f ./Drivers/STM32MP1xx_HAL_Driver/stm32mp1xx_hal_rcc_ex.o
 .debug_macro   0x00040317      0x296 ./Drivers/STM32MP1xx_HAL_Driver/stm32mp1xx_hal_uart.o
 .debug_macro   0x000405ad      0x285 ./Drivers/STM32MP1xx_HAL_Driver/stm32mp1xx_hal_uart_ex.o

.debug_line     0x00000000     0xb8a5
 .debug_line    0x00000000      0x91a ./Common/System/system_stm32mp1xx.o
 .debug_line    0x0000091a      0x8f7 ./Core/Src/main.o
 .debug_line    0x00001211      0x881 ./Core/Src/stm32mp1xx_hal_msp.o
 .debug_line    0x00001a92      0x8e3 ./Core/Src/stm32mp1xx_it.o
 .debug_line    0x00002375       0x7b ./Core/Startup/startup_stm32mp151faax.o
 .debug_line    0x000023f0      0xd53 ./Drivers/STM32MP1xx_HAL_Driver/stm32mp1xx_hal.o
 .debug_line    0x00003143      0xd50 ./Drivers/STM32MP1xx_HAL_Driver/stm32mp1xx_hal_cortex.o
 .debug_line    0x00003e93      0xd1c ./Drivers/STM32MP1xx_HAL_Driver/stm32mp1xx_hal_gpio.o
 .debug_line    0x00004baf     0x1bb2 ./Drivers/STM32MP1xx_HAL_Driver/stm32mp1xx_hal_rcc.o
 .debug_line    0x00006761     0x18f0 ./Drivers/STM32MP1xx_HAL_Driver/stm32mp1xx_hal_rcc_ex.o
 .debug_line    0x00008051     0x2c76 ./Drivers/STM32MP1xx_HAL_Driver/stm32mp1xx_hal_uart.o
 .debug_line    0x0000acc7      0xbde ./Drivers/STM32MP1xx_HAL_Driver/stm32mp1xx_hal_uart_ex.o

.debug_str      0x00000000   0x1b2683
 .debug_str     0x00000000   0x1ae98a ./Common/System/system_stm32mp1xx.o
                             0x1aeccf (size before relaxing)
 .debug_str     0x001ae98a      0xb4e ./Core/Src/main.o
                             0x1af755 (size before relaxing)
 .debug_str     0x001af4d8      0xc9a ./Core/Src/stm32mp1xx_hal_msp.o
                             0x1b01c4 (size before relaxing)
 .debug_str     0x001b0172       0xe5 ./Core/Src/stm32mp1xx_it.o
                             0x1ae065 (size before relaxing)
 .debug_str     0x001b0257       0x45 ./Core/Startup/startup_stm32mp151faax.o
                                 0x8e (size before relaxing)
 .debug_str     0x001b029c      0x7f4 ./Drivers/STM32MP1xx_HAL_Driver/stm32mp1xx_hal.o
                             0x1af0fa (size before relaxing)
 .debug_str     0x001b0a90      0x338 ./Drivers/STM32MP1xx_HAL_Driver/stm32mp1xx_hal_cortex.o
                             0x1aed26 (size before relaxing)
 .debug_str     0x001b0dc8      0x368 ./Drivers/STM32MP1xx_HAL_Driver/stm32mp1xx_hal_gpio.o
                             0x1ae4ec (size before relaxing)
 .debug_str     0x001b1130      0x71c ./Drivers/STM32MP1xx_HAL_Driver/stm32mp1xx_hal_rcc.o
                             0x1af5ad (size before relaxing)
 .debug_str     0x001b184c      0x123 ./Drivers/STM32MP1xx_HAL_Driver/stm32mp1xx_hal_rcc_ex.o
                             0x1af43c (size before relaxing)
 .debug_str     0x001b196f      0xad7 ./Drivers/STM32MP1xx_HAL_Driver/stm32mp1xx_hal_uart.o
                             0x1b0052 (size before relaxing)
 .debug_str     0x001b2446      0x23d ./Drivers/STM32MP1xx_HAL_Driver/stm32mp1xx_hal_uart_ex.o
                             0x1aebdd (size before relaxing)

.comment        0x00000000       0x43
 .comment       0x00000000       0x43 ./Common/System/system_stm32mp1xx.o
                                 0x44 (size before relaxing)
 .comment       0x00000043       0x44 ./Core/Src/main.o
 .comment       0x00000043       0x44 ./Core/Src/stm32mp1xx_hal_msp.o
 .comment       0x00000043       0x44 ./Core/Src/stm32mp1xx_it.o
 .comment       0x00000043       0x44 ./Drivers/STM32MP1xx_HAL_Driver/stm32mp1xx_hal.o
 .comment       0x00000043       0x44 ./Drivers/STM32MP1xx_HAL_Driver/stm32mp1xx_hal_cortex.o
 .comment       0x00000043       0x44 ./Drivers/STM32MP1xx_HAL_Driver/stm32mp1xx_hal_gpio.o
 .comment       0x00000043       0x44 ./Drivers/STM32MP1xx_HAL_Driver/stm32mp1xx_hal_rcc.o
 .comment       0x00000043       0x44 ./Drivers/STM32MP1xx_HAL_Driver/stm32mp1xx_hal_rcc_ex.o
 .comment       0x00000043       0x44 ./Drivers/STM32MP1xx_HAL_Driver/stm32mp1xx_hal_uart.o
 .comment       0x00000043       0x44 ./Drivers/STM32MP1xx_HAL_Driver/stm32mp1xx_hal_uart_ex.o

.debug_frame    0x00000000     0x22c4
 .debug_frame   0x00000000       0x58 ./Common/System/system_stm32mp1xx.o
 .debug_frame   0x00000058       0xa8 ./Core/Src/main.o
 .debug_frame   0x00000100       0x78 ./Core/Src/stm32mp1xx_hal_msp.o
 .debug_frame   0x00000178      0x120 ./Core/Src/stm32mp1xx_it.o
 .debug_frame   0x00000298      0x5e8 ./Drivers/STM32MP1xx_HAL_Driver/stm32mp1xx_hal.o
 .debug_frame   0x00000880      0x428 ./Drivers/STM32MP1xx_HAL_Driver/stm32mp1xx_hal_cortex.o
 .debug_frame   0x00000ca8      0x174 ./Drivers/STM32MP1xx_HAL_Driver/stm32mp1xx_hal_gpio.o
 .debug_frame   0x00000e1c      0x5b0 ./Drivers/STM32MP1xx_HAL_Driver/stm32mp1xx_hal_rcc.o
 .debug_frame   0x000013cc      0x14c ./Drivers/STM32MP1xx_HAL_Driver/stm32mp1xx_hal_rcc_ex.o
 .debug_frame   0x00001518      0xb34 ./Drivers/STM32MP1xx_HAL_Driver/stm32mp1xx_hal_uart.o
 .debug_frame   0x0000204c      0x22c ./Drivers/STM32MP1xx_HAL_Driver/stm32mp1xx_hal_uart_ex.o
 .debug_frame   0x00002278       0x20 /opt/st/stm32cubeide_1.16.0/plugins/com.st.stm32cube.ide.mcu.externaltools.gnu-tools-for-stm32.12.3.rel1.linux64_1.0.200.202406132123/tools/bin/../lib/gcc/arm-none-eabi/12.3.1/../../../../arm-none-eabi/lib/thumb/v7e-m+fp/hard/libc_nano.a(libc_a-memset.o)
 .debug_frame   0x00002298       0x2c /opt/st/stm32cubeide_1.16.0/plugins/com.st.stm32cube.ide.mcu.externaltools.gnu-tools-for-stm32.12.3.rel1.linux64_1.0.200.202406132123/tools/bin/../lib/gcc/arm-none-eabi/12.3.1/../../../../arm-none-eabi/lib/thumb/v7e-m+fp/hard/libc_nano.a(libc_a-init.o)

.debug_line_str
                0x00000000       0x72
 .debug_line_str
                0x00000000       0x72 ./Core/Startup/startup_stm32mp151faax.o
